mvn.cmd : NOTE: Picked up JDK_JAVA_OPTIONS: --
add-opens=java.desktop/javax.swing=ALL-UNNAMED
 --add-opens=java.desktop/java.awt=ALL-UNNAMED
At line:1 char:1
+ & "C:\Program 
Files\Maven\apache-maven-3.9.11\bin\mvn.cmd" 
clean comp ...
+ ~~~~~~~~~~~~~~~~~~~~~~~~~~~~~~~~~~~~~~~~~~~~
~~~~~~~~~~~~~~~~~~~~~~~~~
    + CategoryInfo          : NotSpecified: ( 
   NOTE: Picked up...awt=ALL-UNNAMED:String)  
   [], RemoteException
    + FullyQualifiedErrorId : NativeCommandEr 
   ror
 
Picked up JAVA_TOOL_OPTIONS: 
-javaagent:"C:\Program Files\LogiGear\TestArch
itect\binclient\agents\java\lib\ext\TAJavaLoad
er.jar"
[INFO] Scanning for projects...
[INFO] 
[INFO] -----------------< com.company:railway-selenium-test >------------------
[INFO] Building railway-selenium-test 1.0-SNAPSHOT
[INFO]   from pom.xml
[INFO] --------------------------------[ jar ]---------------------------------
[INFO] 
[INFO] --- clean:3.2.0:clean (default-clean) @ railway-selenium-test ---
[INFO] Deleting C:\Users\Admin\Downloads\Documents\Testing_Cert\ex1\Railway\target
[INFO] 
[INFO] --- resources:3.3.1:resources (default-resources) @ railway-selenium-test ---
[INFO] Copying 1 resource from src\main\resources to target\classes
[INFO] 
[INFO] --- compiler:3.11.0:compile (default-compile) @ railway-selenium-test ---
[INFO] Changes detected - recompiling the module! :source
[INFO] Compiling 13 source files with javac [debug target 21] to target\classes
[INFO] Annotation processing is enabled because one or more processors were found
  on the class path. A future release of javac may disable annotation processing
  unless at least one processor is specified by name (-processor), or a search
  path is specified (--processor-path, --processor-module-path), or annotation
  processing is enabled explicitly (-proc:only, -proc:full).
  Use -Xlint:-options to suppress this message.
  Use -proc:none to disable annotation processing.
[INFO] ------------------------------------------------------------------------
[INFO] BUILD SUCCESS
[INFO] ------------------------------------------------------------------------
[INFO] Total time:  1.559 s
[INFO] Finished at: 2025-11-23T23:25:11+07:00
[INFO] ------------------------------------------------------------------------
